Archive member included to satisfy reference by file (symbol)

/usr/lib/gcc/arm-none-eabi/4.8/../../../arm-none-eabi/lib/armv7-m/libc.a(lib_a-atexit.o)
                              /usr/lib/gcc/arm-none-eabi/4.8/../../../arm-none-eabi/lib/armv7-m/crt0.o (atexit)
/usr/lib/gcc/arm-none-eabi/4.8/../../../arm-none-eabi/lib/armv7-m/libc.a(lib_a-exit.o)
                              /usr/lib/gcc/arm-none-eabi/4.8/../../../arm-none-eabi/lib/armv7-m/crt0.o (exit)
/usr/lib/gcc/arm-none-eabi/4.8/../../../arm-none-eabi/lib/armv7-m/libc.a(lib_a-fini.o)
                              /usr/lib/gcc/arm-none-eabi/4.8/../../../arm-none-eabi/lib/armv7-m/crt0.o (__libc_fini_array)
/usr/lib/gcc/arm-none-eabi/4.8/../../../arm-none-eabi/lib/armv7-m/libc.a(lib_a-impure.o)
                              /usr/lib/gcc/arm-none-eabi/4.8/../../../arm-none-eabi/lib/armv7-m/libc.a(lib_a-exit.o) (_global_impure_ptr)
/usr/lib/gcc/arm-none-eabi/4.8/../../../arm-none-eabi/lib/armv7-m/libc.a(lib_a-init.o)
                              /usr/lib/gcc/arm-none-eabi/4.8/../../../arm-none-eabi/lib/armv7-m/crt0.o (__libc_init_array)
/usr/lib/gcc/arm-none-eabi/4.8/../../../arm-none-eabi/lib/armv7-m/libc.a(lib_a-memcpy.o)
                              ./FreeRTOS/queue.o (memcpy)
/usr/lib/gcc/arm-none-eabi/4.8/../../../arm-none-eabi/lib/armv7-m/libc.a(lib_a-memset.o)
                              /usr/lib/gcc/arm-none-eabi/4.8/../../../arm-none-eabi/lib/armv7-m/crt0.o (memset)
/usr/lib/gcc/arm-none-eabi/4.8/../../../arm-none-eabi/lib/armv7-m/libc.a(lib_a-__atexit.o)
                              /usr/lib/gcc/arm-none-eabi/4.8/../../../arm-none-eabi/lib/armv7-m/libc.a(lib_a-atexit.o) (__register_exitproc)
/usr/lib/gcc/arm-none-eabi/4.8/../../../arm-none-eabi/lib/armv7-m/libc.a(lib_a-__call_atexit.o)
                              /usr/lib/gcc/arm-none-eabi/4.8/../../../arm-none-eabi/lib/armv7-m/libc.a(lib_a-exit.o) (__call_exitprocs)

Allocating common symbols
Common symbol       size              file

xQueueRegistry      0x40              ./FreeRTOS/queue.o

Discarded input sections

 .text          0x00000000        0x0 /usr/lib/gcc/arm-none-eabi/4.8/armv7-m/crti.o
 .data          0x00000000        0x0 /usr/lib/gcc/arm-none-eabi/4.8/armv7-m/crti.o
 .bss           0x00000000        0x0 /usr/lib/gcc/arm-none-eabi/4.8/armv7-m/crti.o
 .init          0x00000000        0x4 /usr/lib/gcc/arm-none-eabi/4.8/armv7-m/crti.o
 .fini          0x00000000        0x4 /usr/lib/gcc/arm-none-eabi/4.8/armv7-m/crti.o
 .ARM.attributes
                0x00000000       0x1d /usr/lib/gcc/arm-none-eabi/4.8/armv7-m/crti.o
 .text          0x00000000       0xac /usr/lib/gcc/arm-none-eabi/4.8/armv7-m/crtbegin.o
 .data          0x00000000        0x4 /usr/lib/gcc/arm-none-eabi/4.8/armv7-m/crtbegin.o
 .bss           0x00000000       0x1c /usr/lib/gcc/arm-none-eabi/4.8/armv7-m/crtbegin.o
 .init_array    0x00000000        0x4 /usr/lib/gcc/arm-none-eabi/4.8/armv7-m/crtbegin.o
 .fini_array    0x00000000        0x4 /usr/lib/gcc/arm-none-eabi/4.8/armv7-m/crtbegin.o
 .eh_frame      0x00000000        0x0 /usr/lib/gcc/arm-none-eabi/4.8/armv7-m/crtbegin.o
 .jcr           0x00000000        0x0 /usr/lib/gcc/arm-none-eabi/4.8/armv7-m/crtbegin.o
 .tm_clone_table
                0x00000000        0x0 /usr/lib/gcc/arm-none-eabi/4.8/armv7-m/crtbegin.o
 .comment       0x00000000       0x2e /usr/lib/gcc/arm-none-eabi/4.8/armv7-m/crtbegin.o
 .ARM.attributes
                0x00000000       0x2d /usr/lib/gcc/arm-none-eabi/4.8/armv7-m/crtbegin.o
 .text          0x00000000       0x68 /usr/lib/gcc/arm-none-eabi/4.8/../../../arm-none-eabi/lib/armv7-m/crt0.o
 .data          0x00000000        0x0 /usr/lib/gcc/arm-none-eabi/4.8/../../../arm-none-eabi/lib/armv7-m/crt0.o
 .bss           0x00000000        0x0 /usr/lib/gcc/arm-none-eabi/4.8/../../../arm-none-eabi/lib/armv7-m/crt0.o
 .ARM.extab     0x00000000        0x0 /usr/lib/gcc/arm-none-eabi/4.8/../../../arm-none-eabi/lib/armv7-m/crt0.o
 .ARM.exidx     0x00000000        0x8 /usr/lib/gcc/arm-none-eabi/4.8/../../../arm-none-eabi/lib/armv7-m/crt0.o
 .ARM.attributes
                0x00000000       0x1b /usr/lib/gcc/arm-none-eabi/4.8/../../../arm-none-eabi/lib/armv7-m/crt0.o
 .debug_line    0x00000000       0x7b /usr/lib/gcc/arm-none-eabi/4.8/../../../arm-none-eabi/lib/armv7-m/crt0.o
 .debug_info    0x00000000       0xb1 /usr/lib/gcc/arm-none-eabi/4.8/../../../arm-none-eabi/lib/armv7-m/crt0.o
 .debug_abbrev  0x00000000       0x14 /usr/lib/gcc/arm-none-eabi/4.8/../../../arm-none-eabi/lib/armv7-m/crt0.o
 .debug_aranges
                0x00000000       0x20 /usr/lib/gcc/arm-none-eabi/4.8/../../../arm-none-eabi/lib/armv7-m/crt0.o
 .text          0x00000000        0x0 ./main.o
 .data          0x00000000        0x0 ./main.o
 .bss           0x00000000        0x0 ./main.o
 .text.vApplicationIdleHook
                0x00000000       0x10 ./main.o
 .bss.ulIdleCycleCount
                0x00000000        0x4 ./main.o
 .text          0x00000000        0x0 ./FreeRTOS/queue.o
 .data          0x00000000        0x0 ./FreeRTOS/queue.o
 .bss           0x00000000        0x0 ./FreeRTOS/queue.o
 .text.xQueueCreateCountingSemaphore
                0x00000000       0x3c ./FreeRTOS/queue.o
 .text.xQueueCreateMutex
                0x00000000       0x24 ./FreeRTOS/queue.o
 .text.xQueueGiveMutexRecursive
                0x00000000       0x3e ./FreeRTOS/queue.o
 .text.xQueueGiveFromISR
                0x00000000       0xa2 ./FreeRTOS/queue.o
 .text.xQueueTakeMutexRecursive
                0x00000000       0x44 ./FreeRTOS/queue.o
 .text.xQueueReceiveFromISR
                0x00000000       0x9e ./FreeRTOS/queue.o
 .text.xQueuePeekFromISR
                0x00000000       0x78 ./FreeRTOS/queue.o
 .text.uxQueueMessagesWaiting
                0x00000000       0x26 ./FreeRTOS/queue.o
 .text.uxQueueSpacesAvailable
                0x00000000       0x2a ./FreeRTOS/queue.o
 .text.uxQueueMessagesWaitingFromISR
                0x00000000       0x18 ./FreeRTOS/queue.o
 .text.xQueueIsQueueEmptyFromISR
                0x00000000       0x20 ./FreeRTOS/queue.o
 .text.xQueueIsQueueFullFromISR
                0x00000000       0x20 ./FreeRTOS/queue.o
 .text.pcQueueGetName
                0x00000000       0x24 ./FreeRTOS/queue.o
 .text.vQueueUnregisterQueue
                0x00000000       0x28 ./FreeRTOS/queue.o
 .text.vQueueDelete
                0x00000000       0x26 ./FreeRTOS/queue.o
 .text          0x00000000        0x0 ./FreeRTOS/croutine.o
 .data          0x00000000        0x0 ./FreeRTOS/croutine.o
 .bss           0x00000000        0x0 ./FreeRTOS/croutine.o
 .comment       0x00000000       0x2e ./FreeRTOS/croutine.o
 .ARM.attributes
                0x00000000       0x33 ./FreeRTOS/croutine.o
 .text          0x00000000        0x0 ./FreeRTOS/list.o
 .data          0x00000000        0x0 ./FreeRTOS/list.o
 .bss           0x00000000        0x0 ./FreeRTOS/list.o
 .text          0x00000000        0x0 ./FreeRTOS/event_groups.o
 .data          0x00000000        0x0 ./FreeRTOS/event_groups.o
 .bss           0x00000000        0x0 ./FreeRTOS/event_groups.o
 .text.xEventGroupCreate
                0x00000000       0x1a ./FreeRTOS/event_groups.o
 .text.xEventGroupWaitBits
                0x00000000      0x114 ./FreeRTOS/event_groups.o
 .text.xEventGroupClearBits
                0x00000000       0x46 ./FreeRTOS/event_groups.o
 .text.xEventGroupGetBitsFromISR
                0x00000000       0x1c ./FreeRTOS/event_groups.o
 .text.xEventGroupSetBits
                0x00000000       0x84 ./FreeRTOS/event_groups.o
 .text.xEventGroupSync
                0x00000000       0xdc ./FreeRTOS/event_groups.o
 .text.vEventGroupDelete
                0x00000000       0x40 ./FreeRTOS/event_groups.o
 .text.vEventGroupSetBitsCallback
                0x00000000        0x4 ./FreeRTOS/event_groups.o
 .text.vEventGroupClearBitsCallback
                0x00000000        0x4 ./FreeRTOS/event_groups.o
 .comment       0x00000000       0x2e ./FreeRTOS/event_groups.o
 .ARM.attributes
                0x00000000       0x33 ./FreeRTOS/event_groups.o
 .text          0x00000000        0x0 ./FreeRTOS/tasks.o
 .data          0x00000000        0x0 ./FreeRTOS/tasks.o
 .bss           0x00000000        0x0 ./FreeRTOS/tasks.o
 .text.prvTaskIsTaskSuspended
                0x00000000       0x3c ./FreeRTOS/tasks.o
 .text.vTaskDelete
                0x00000000       0xdc ./FreeRTOS/tasks.o
 .text.uxTaskPriorityGet
                0x00000000       0x1c ./FreeRTOS/tasks.o
 .text.uxTaskPriorityGetFromISR
                0x00000000       0x30 ./FreeRTOS/tasks.o
 .text.vTaskPrioritySet
                0x00000000       0xd8 ./FreeRTOS/tasks.o
 .text.vTaskResume
                0x00000000       0x84 ./FreeRTOS/tasks.o
 .text.xTaskResumeFromISR
                0x00000000       0xa0 ./FreeRTOS/tasks.o
 .text.vTaskEndScheduler
                0x00000000       0x20 ./FreeRTOS/tasks.o
 .text.xTaskGetTickCountFromISR
                0x00000000       0x10 ./FreeRTOS/tasks.o
 .text.uxTaskGetNumberOfTasks
                0x00000000        0xc ./FreeRTOS/tasks.o
 .text.pcTaskGetName
                0x00000000       0x24 ./FreeRTOS/tasks.o
 .text.vTaskDelayUntil
                0x00000000       0xa0 ./FreeRTOS/tasks.o
 .text.vTaskSuspend
                0x00000000       0xd0 ./FreeRTOS/tasks.o
 .text.vTaskPlaceOnUnorderedEventList
                0x00000000       0x58 ./FreeRTOS/tasks.o
 .text.xTaskRemoveFromUnorderedEventList
                0x00000000       0x8c ./FreeRTOS/tasks.o
 .text.xTaskGetCurrentTaskHandle
                0x00000000        0xc ./FreeRTOS/tasks.o
 .text.uxTaskResetEventItemValue
                0x00000000       0x18 ./FreeRTOS/tasks.o
 .text.ulTaskNotifyTake
                0x00000000       0x68 ./FreeRTOS/tasks.o
 .text.xTaskNotifyWait
                0x00000000       0x8c ./FreeRTOS/tasks.o
 .text.xTaskGenericNotify
                0x00000000       0xd0 ./FreeRTOS/tasks.o
 .text.xTaskGenericNotifyFromISR
                0x00000000       0xfc ./FreeRTOS/tasks.o
 .text.vTaskNotifyGiveFromISR
                0x00000000       0xc8 ./FreeRTOS/tasks.o
 .text.xTaskNotifyStateClear
                0x00000000       0x30 ./FreeRTOS/tasks.o
 .text          0x00000000        0x0 ./FreeRTOS/timers.o
 .data          0x00000000        0x0 ./FreeRTOS/timers.o
 .bss           0x00000000        0x0 ./FreeRTOS/timers.o
 .text.xTimerCreate
                0x00000000       0x48 ./FreeRTOS/timers.o
 .text.xTimerGetTimerDaemonTaskHandle
                0x00000000       0x20 ./FreeRTOS/timers.o
 .text.xTimerGetPeriod
                0x00000000       0x18 ./FreeRTOS/timers.o
 .text.xTimerGetExpiryTime
                0x00000000       0x18 ./FreeRTOS/timers.o
 .text.pcTimerGetName
                0x00000000       0x18 ./FreeRTOS/timers.o
 .text.xTimerIsTimerActive
                0x00000000       0x2c ./FreeRTOS/timers.o
 .text.pvTimerGetTimerID
                0x00000000       0x26 ./FreeRTOS/timers.o
 .text.vTimerSetTimerID
                0x00000000       0x28 ./FreeRTOS/timers.o
 .text          0x00000000        0x0 ./FreeRTOS/portable/GCC/ARM_CM3/port.o
 .data          0x00000000        0x0 ./FreeRTOS/portable/GCC/ARM_CM3/port.o
 .bss           0x00000000        0x0 ./FreeRTOS/portable/GCC/ARM_CM3/port.o
 .text.vPortEndScheduler
                0x00000000       0x24 ./FreeRTOS/portable/GCC/ARM_CM3/port.o
 .text          0x00000000        0x0 ./FreeRTOS/portable/MemMang/heap_2.o
 .data          0x00000000        0x0 ./FreeRTOS/portable/MemMang/heap_2.o
 .bss           0x00000000        0x0 ./FreeRTOS/portable/MemMang/heap_2.o
 .text.xPortGetFreeHeapSize
                0x00000000        0xc ./FreeRTOS/portable/MemMang/heap_2.o
 .text.vPortInitialiseBlocks
                0x00000000        0x2 ./FreeRTOS/portable/MemMang/heap_2.o
 .text          0x00000000        0x0 ./Minimal/startup_LPC17xx.o
 .data          0x00000000        0x0 ./Minimal/startup_LPC17xx.o
 .bss           0x00000000        0x0 ./Minimal/startup_LPC17xx.o
 .text          0x00000000        0x0 ./Minimal/gpio.o
 .data          0x00000000        0x0 ./Minimal/gpio.o
 .bss           0x00000000        0x0 ./Minimal/gpio.o
 .text.GPIO_PinFunction
                0x00000000       0x38 ./Minimal/gpio.o
 .text.GPIO_PinDirection
                0x00000000       0x2c ./Minimal/gpio.o
 .text.GPIO_PinWrite
                0x00000000       0x2c ./Minimal/gpio.o
 .text.GPIO_PinRead
                0x00000000       0x22 ./Minimal/gpio.o
 .comment       0x00000000       0x2e ./Minimal/gpio.o
 .ARM.attributes
                0x00000000       0x33 ./Minimal/gpio.o
 .text          0x00000000        0x0 ./Minimal/core_cm3.o
 .data          0x00000000        0x0 ./Minimal/core_cm3.o
 .bss           0x00000000        0x0 ./Minimal/core_cm3.o
 .text.__get_PSP
                0x00000000        0x8 ./Minimal/core_cm3.o
 .text.__set_PSP
                0x00000000        0x6 ./Minimal/core_cm3.o
 .text.__get_MSP
                0x00000000        0x8 ./Minimal/core_cm3.o
 .text.__set_MSP
                0x00000000        0x6 ./Minimal/core_cm3.o
 .text.__get_BASEPRI
                0x00000000        0x6 ./Minimal/core_cm3.o
 .text.__set_BASEPRI
                0x00000000        0x6 ./Minimal/core_cm3.o
 .text.__get_PRIMASK
                0x00000000        0x6 ./Minimal/core_cm3.o
 .text.__set_PRIMASK
                0x00000000        0x6 ./Minimal/core_cm3.o
 .text.__get_FAULTMASK
                0x00000000        0x6 ./Minimal/core_cm3.o
 .text.__set_FAULTMASK
                0x00000000        0x6 ./Minimal/core_cm3.o
 .text.__get_CONTROL
                0x00000000        0x6 ./Minimal/core_cm3.o
 .text.__set_CONTROL
                0x00000000        0x6 ./Minimal/core_cm3.o
 .text.__REV    0x00000000        0x4 ./Minimal/core_cm3.o
 .text.__REV16  0x00000000        0x4 ./Minimal/core_cm3.o
 .text.__REVSH  0x00000000        0x4 ./Minimal/core_cm3.o
 .text.__RBIT   0x00000000        0x6 ./Minimal/core_cm3.o
 .text.__LDREXB
                0x00000000        0x8 ./Minimal/core_cm3.o
 .text.__LDREXH
                0x00000000        0x8 ./Minimal/core_cm3.o
 .text.__LDREXW
                0x00000000        0x6 ./Minimal/core_cm3.o
 .text.__STREXB
                0x00000000        0x8 ./Minimal/core_cm3.o
 .text.__STREXH
                0x00000000        0x8 ./Minimal/core_cm3.o
 .text.__STREXW
                0x00000000        0x6 ./Minimal/core_cm3.o
 .comment       0x00000000       0x2e ./Minimal/core_cm3.o
 .ARM.attributes
                0x00000000       0x33 ./Minimal/core_cm3.o
 .text          0x00000000        0x0 ./Minimal/delay.o
 .data          0x00000000        0x0 ./Minimal/delay.o
 .bss           0x00000000        0x0 ./Minimal/delay.o
 .text.DELAY_us
                0x00000000       0x2a ./Minimal/delay.o
 .text.DELAY_ms
                0x00000000       0x20 ./Minimal/delay.o
 .text.DELAY_sec
                0x00000000       0x20 ./Minimal/delay.o
 .comment       0x00000000       0x2e ./Minimal/delay.o
 .ARM.attributes
                0x00000000       0x33 ./Minimal/delay.o
 .text          0x00000000        0x0 ./Minimal/system_LPC17xx.o
 .data          0x00000000        0x0 ./Minimal/system_LPC17xx.o
 .bss           0x00000000        0x0 ./Minimal/system_LPC17xx.o
 .text.SystemCoreClockUpdate
                0x00000000       0x9c ./Minimal/system_LPC17xx.o
 .data.SystemCoreClock
                0x00000000        0x4 ./Minimal/system_LPC17xx.o
 .text          0x00000000        0x0 /usr/lib/gcc/arm-none-eabi/4.8/../../../arm-none-eabi/lib/armv7-m/libc.a(lib_a-atexit.o)
 .data          0x00000000        0x0 /usr/lib/gcc/arm-none-eabi/4.8/../../../arm-none-eabi/lib/armv7-m/libc.a(lib_a-atexit.o)
 .bss           0x00000000        0x0 /usr/lib/gcc/arm-none-eabi/4.8/../../../arm-none-eabi/lib/armv7-m/libc.a(lib_a-atexit.o)
 .text.atexit   0x00000000        0xc /usr/lib/gcc/arm-none-eabi/4.8/../../../arm-none-eabi/lib/armv7-m/libc.a(lib_a-atexit.o)
 .debug_info    0x00000000      0x10a /usr/lib/gcc/arm-none-eabi/4.8/../../../arm-none-eabi/lib/armv7-m/libc.a(lib_a-atexit.o)
 .debug_abbrev  0x00000000       0xb8 /usr/lib/gcc/arm-none-eabi/4.8/../../../arm-none-eabi/lib/armv7-m/libc.a(lib_a-atexit.o)
 .debug_loc     0x00000000       0x2c /usr/lib/gcc/arm-none-eabi/4.8/../../../arm-none-eabi/lib/armv7-m/libc.a(lib_a-atexit.o)
 .debug_aranges
                0x00000000       0x20 /usr/lib/gcc/arm-none-eabi/4.8/../../../arm-none-eabi/lib/armv7-m/libc.a(lib_a-atexit.o)
 .debug_ranges  0x00000000       0x10 /usr/lib/gcc/arm-none-eabi/4.8/../../../arm-none-eabi/lib/armv7-m/libc.a(lib_a-atexit.o)
 .debug_line    0x00000000       0xc7 /usr/lib/gcc/arm-none-eabi/4.8/../../../arm-none-eabi/lib/armv7-m/libc.a(lib_a-atexit.o)
 .debug_str     0x00000000      0x1fb /usr/lib/gcc/arm-none-eabi/4.8/../../../arm-none-eabi/lib/armv7-m/libc.a(lib_a-atexit.o)
 .comment       0x00000000       0x2c /usr/lib/gcc/arm-none-eabi/4.8/../../../arm-none-eabi/lib/armv7-m/libc.a(lib_a-atexit.o)
 .ARM.attributes
                0x00000000       0x2d /usr/lib/gcc/arm-none-eabi/4.8/../../../arm-none-eabi/lib/armv7-m/libc.a(lib_a-atexit.o)
 .debug_frame   0x00000000       0x20 /usr/lib/gcc/arm-none-eabi/4.8/../../../arm-none-eabi/lib/armv7-m/libc.a(lib_a-atexit.o)
 .text          0x00000000        0x0 /usr/lib/gcc/arm-none-eabi/4.8/../../../arm-none-eabi/lib/armv7-m/libc.a(lib_a-exit.o)
 .data          0x00000000        0x0 /usr/lib/gcc/arm-none-eabi/4.8/../../../arm-none-eabi/lib/armv7-m/libc.a(lib_a-exit.o)
 .bss           0x00000000        0x0 /usr/lib/gcc/arm-none-eabi/4.8/../../../arm-none-eabi/lib/armv7-m/libc.a(lib_a-exit.o)
 .text.exit     0x00000000       0x20 /usr/lib/gcc/arm-none-eabi/4.8/../../../arm-none-eabi/lib/armv7-m/libc.a(lib_a-exit.o)
 .debug_info    0x00000000      0x8e4 /usr/lib/gcc/arm-none-eabi/4.8/../../../arm-none-eabi/lib/armv7-m/libc.a(lib_a-exit.o)
 .debug_abbrev  0x00000000      0x1e6 /usr/lib/gcc/arm-none-eabi/4.8/../../../arm-none-eabi/lib/armv7-m/libc.a(lib_a-exit.o)
 .debug_loc     0x00000000       0x1e /usr/lib/gcc/arm-none-eabi/4.8/../../../arm-none-eabi/lib/armv7-m/libc.a(lib_a-exit.o)
 .debug_aranges
                0x00000000       0x20 /usr/lib/gcc/arm-none-eabi/4.8/../../../arm-none-eabi/lib/armv7-m/libc.a(lib_a-exit.o)
 .debug_ranges  0x00000000       0x10 /usr/lib/gcc/arm-none-eabi/4.8/../../../arm-none-eabi/lib/armv7-m/libc.a(lib_a-exit.o)
 .debug_line    0x00000000      0x17f /usr/lib/gcc/arm-none-eabi/4.8/../../../arm-none-eabi/lib/armv7-m/libc.a(lib_a-exit.o)
 .debug_str     0x00000000      0x598 /usr/lib/gcc/arm-none-eabi/4.8/../../../arm-none-eabi/lib/armv7-m/libc.a(lib_a-exit.o)
 .comment       0x00000000       0x2c /usr/lib/gcc/arm-none-eabi/4.8/../../../arm-none-eabi/lib/armv7-m/libc.a(lib_a-exit.o)
 .ARM.attributes
                0x00000000       0x2d /usr/lib/gcc/arm-none-eabi/4.8/../../../arm-none-eabi/lib/armv7-m/libc.a(lib_a-exit.o)
 .debug_frame   0x00000000       0x28 /usr/lib/gcc/arm-none-eabi/4.8/../../../arm-none-eabi/lib/armv7-m/libc.a(lib_a-exit.o)
 .text          0x00000000        0x0 /usr/lib/gcc/arm-none-eabi/4.8/../../../arm-none-eabi/lib/armv7-m/libc.a(lib_a-fini.o)
 .data          0x00000000        0x0 /usr/lib/gcc/arm-none-eabi/4.8/../../../arm-none-eabi/lib/armv7-m/libc.a(lib_a-fini.o)
 .bss           0x00000000        0x0 /usr/lib/gcc/arm-none-eabi/4.8/../../../arm-none-eabi/lib/armv7-m/libc.a(lib_a-fini.o)
 .text.__libc_fini_array
                0x00000000       0x30 /usr/lib/gcc/arm-none-eabi/4.8/../../../arm-none-eabi/lib/armv7-m/libc.a(lib_a-fini.o)
 .debug_info    0x00000000       0xef /usr/lib/gcc/arm-none-eabi/4.8/../../../arm-none-eabi/lib/armv7-m/libc.a(lib_a-fini.o)
 .debug_abbrev  0x00000000       0xbd /usr/lib/gcc/arm-none-eabi/4.8/../../../arm-none-eabi/lib/armv7-m/libc.a(lib_a-fini.o)
 .debug_loc     0x00000000       0x5c /usr/lib/gcc/arm-none-eabi/4.8/../../../arm-none-eabi/lib/armv7-m/libc.a(lib_a-fini.o)
 .debug_aranges
                0x00000000       0x20 /usr/lib/gcc/arm-none-eabi/4.8/../../../arm-none-eabi/lib/armv7-m/libc.a(lib_a-fini.o)
 .debug_ranges  0x00000000       0x10 /usr/lib/gcc/arm-none-eabi/4.8/../../../arm-none-eabi/lib/armv7-m/libc.a(lib_a-fini.o)
 .debug_line    0x00000000       0x9a /usr/lib/gcc/arm-none-eabi/4.8/../../../arm-none-eabi/lib/armv7-m/libc.a(lib_a-fini.o)
 .debug_str     0x00000000      0x1f3 /usr/lib/gcc/arm-none-eabi/4.8/../../../arm-none-eabi/lib/armv7-m/libc.a(lib_a-fini.o)
 .comment       0x00000000       0x2c /usr/lib/gcc/arm-none-eabi/4.8/../../../arm-none-eabi/lib/armv7-m/libc.a(lib_a-fini.o)
 .ARM.attributes
                0x00000000       0x2d /usr/lib/gcc/arm-none-eabi/4.8/../../../arm-none-eabi/lib/armv7-m/libc.a(lib_a-fini.o)
 .debug_frame   0x00000000       0x2c /usr/lib/gcc/arm-none-eabi/4.8/../../../arm-none-eabi/lib/armv7-m/libc.a(lib_a-fini.o)
 .text          0x00000000        0x0 /usr/lib/gcc/arm-none-eabi/4.8/../../../arm-none-eabi/lib/armv7-m/libc.a(lib_a-impure.o)
 .data          0x00000000        0x0 /usr/lib/gcc/arm-none-eabi/4.8/../../../arm-none-eabi/lib/armv7-m/libc.a(lib_a-impure.o)
 .bss           0x00000000        0x0 /usr/lib/gcc/arm-none-eabi/4.8/../../../arm-none-eabi/lib/armv7-m/libc.a(lib_a-impure.o)
 .data.impure_data
                0x00000000      0x428 /usr/lib/gcc/arm-none-eabi/4.8/../../../arm-none-eabi/lib/armv7-m/libc.a(lib_a-impure.o)
 .data._impure_ptr
                0x00000000        0x4 /usr/lib/gcc/arm-none-eabi/4.8/../../../arm-none-eabi/lib/armv7-m/libc.a(lib_a-impure.o)
 .rodata.str1.4
                0x00000000        0x4 /usr/lib/gcc/arm-none-eabi/4.8/../../../arm-none-eabi/lib/armv7-m/libc.a(lib_a-impure.o)
 .rodata._global_impure_ptr
                0x00000000        0x4 /usr/lib/gcc/arm-none-eabi/4.8/../../../arm-none-eabi/lib/armv7-m/libc.a(lib_a-impure.o)
 .debug_info    0x00000000      0x894 /usr/lib/gcc/arm-none-eabi/4.8/../../../arm-none-eabi/lib/armv7-m/libc.a(lib_a-impure.o)
 .debug_abbrev  0x00000000      0x180 /usr/lib/gcc/arm-none-eabi/4.8/../../../arm-none-eabi/lib/armv7-m/libc.a(lib_a-impure.o)
 .debug_aranges
                0x00000000       0x18 /usr/lib/gcc/arm-none-eabi/4.8/../../../arm-none-eabi/lib/armv7-m/libc.a(lib_a-impure.o)
 .debug_line    0x00000000       0xf5 /usr/lib/gcc/arm-none-eabi/4.8/../../../arm-none-eabi/lib/armv7-m/libc.a(lib_a-impure.o)
 .debug_str     0x00000000      0x58f /usr/lib/gcc/arm-none-eabi/4.8/../../../arm-none-eabi/lib/armv7-m/libc.a(lib_a-impure.o)
 .comment       0x00000000       0x2c /usr/lib/gcc/arm-none-eabi/4.8/../../../arm-none-eabi/lib/armv7-m/libc.a(lib_a-impure.o)
 .ARM.attributes
                0x00000000       0x2d /usr/lib/gcc/arm-none-eabi/4.8/../../../arm-none-eabi/lib/armv7-m/libc.a(lib_a-impure.o)
 .text          0x00000000        0x0 /usr/lib/gcc/arm-none-eabi/4.8/../../../arm-none-eabi/lib/armv7-m/libc.a(lib_a-init.o)
 .data          0x00000000        0x0 /usr/lib/gcc/arm-none-eabi/4.8/../../../arm-none-eabi/lib/armv7-m/libc.a(lib_a-init.o)
 .bss           0x00000000        0x0 /usr/lib/gcc/arm-none-eabi/4.8/../../../arm-none-eabi/lib/armv7-m/libc.a(lib_a-init.o)
 .text.__libc_init_array
                0x00000000       0x50 /usr/lib/gcc/arm-none-eabi/4.8/../../../arm-none-eabi/lib/armv7-m/libc.a(lib_a-init.o)
 .debug_info    0x00000000      0x105 /usr/lib/gcc/arm-none-eabi/4.8/../../../arm-none-eabi/lib/armv7-m/libc.a(lib_a-init.o)
 .debug_abbrev  0x00000000       0xba /usr/lib/gcc/arm-none-eabi/4.8/../../../arm-none-eabi/lib/armv7-m/libc.a(lib_a-init.o)
 .debug_loc     0x00000000       0xae /usr/lib/gcc/arm-none-eabi/4.8/../../../arm-none-eabi/lib/armv7-m/libc.a(lib_a-init.o)
 .debug_aranges
                0x00000000       0x20 /usr/lib/gcc/arm-none-eabi/4.8/../../../arm-none-eabi/lib/armv7-m/libc.a(lib_a-init.o)
 .debug_ranges  0x00000000       0x10 /usr/lib/gcc/arm-none-eabi/4.8/../../../arm-none-eabi/lib/armv7-m/libc.a(lib_a-init.o)
 .debug_line    0x00000000       0xb4 /usr/lib/gcc/arm-none-eabi/4.8/../../../arm-none-eabi/lib/armv7-m/libc.a(lib_a-init.o)
 .debug_str     0x00000000      0x21d /usr/lib/gcc/arm-none-eabi/4.8/../../../arm-none-eabi/lib/armv7-m/libc.a(lib_a-init.o)
 .comment       0x00000000       0x2c /usr/lib/gcc/arm-none-eabi/4.8/../../../arm-none-eabi/lib/armv7-m/libc.a(lib_a-init.o)
 .ARM.attributes
                0x00000000       0x2d /usr/lib/gcc/arm-none-eabi/4.8/../../../arm-none-eabi/lib/armv7-m/libc.a(lib_a-init.o)
 .debug_frame   0x00000000       0x2c /usr/lib/gcc/arm-none-eabi/4.8/../../../arm-none-eabi/lib/armv7-m/libc.a(lib_a-init.o)
 .data          0x00000000        0x0 /usr/lib/gcc/arm-none-eabi/4.8/../../../arm-none-eabi/lib/armv7-m/libc.a(lib_a-memcpy.o)
 .bss           0x00000000        0x0 /usr/lib/gcc/arm-none-eabi/4.8/../../../arm-none-eabi/lib/armv7-m/libc.a(lib_a-memcpy.o)
 .text          0x00000000        0x0 /usr/lib/gcc/arm-none-eabi/4.8/../../../arm-none-eabi/lib/armv7-m/libc.a(lib_a-memset.o)
 .data          0x00000000        0x0 /usr/lib/gcc/arm-none-eabi/4.8/../../../arm-none-eabi/lib/armv7-m/libc.a(lib_a-memset.o)
 .bss           0x00000000        0x0 /usr/lib/gcc/arm-none-eabi/4.8/../../../arm-none-eabi/lib/armv7-m/libc.a(lib_a-memset.o)
 .text          0x00000000        0x0 /usr/lib/gcc/arm-none-eabi/4.8/../../../arm-none-eabi/lib/armv7-m/libc.a(lib_a-__atexit.o)
 .data          0x00000000        0x0 /usr/lib/gcc/arm-none-eabi/4.8/../../../arm-none-eabi/lib/armv7-m/libc.a(lib_a-__atexit.o)
 .bss           0x00000000        0x0 /usr/lib/gcc/arm-none-eabi/4.8/../../../arm-none-eabi/lib/armv7-m/libc.a(lib_a-__atexit.o)
 .text.__register_exitproc
                0x00000000       0xa8 /usr/lib/gcc/arm-none-eabi/4.8/../../../arm-none-eabi/lib/armv7-m/libc.a(lib_a-__atexit.o)
 .debug_info    0x00000000      0x934 /usr/lib/gcc/arm-none-eabi/4.8/../../../arm-none-eabi/lib/armv7-m/libc.a(lib_a-__atexit.o)
 .debug_abbrev  0x00000000      0x20f /usr/lib/gcc/arm-none-eabi/4.8/../../../arm-none-eabi/lib/armv7-m/libc.a(lib_a-__atexit.o)
 .debug_loc     0x00000000      0x137 /usr/lib/gcc/arm-none-eabi/4.8/../../../arm-none-eabi/lib/armv7-m/libc.a(lib_a-__atexit.o)
 .debug_aranges
                0x00000000       0x20 /usr/lib/gcc/arm-none-eabi/4.8/../../../arm-none-eabi/lib/armv7-m/libc.a(lib_a-__atexit.o)
 .debug_ranges  0x00000000       0x10 /usr/lib/gcc/arm-none-eabi/4.8/../../../arm-none-eabi/lib/armv7-m/libc.a(lib_a-__atexit.o)
 .debug_line    0x00000000      0x1a0 /usr/lib/gcc/arm-none-eabi/4.8/../../../arm-none-eabi/lib/armv7-m/libc.a(lib_a-__atexit.o)
 .debug_str     0x00000000      0x5d7 /usr/lib/gcc/arm-none-eabi/4.8/../../../arm-none-eabi/lib/armv7-m/libc.a(lib_a-__atexit.o)
 .comment       0x00000000       0x2c /usr/lib/gcc/arm-none-eabi/4.8/../../../arm-none-eabi/lib/armv7-m/libc.a(lib_a-__atexit.o)
 .ARM.attributes
                0x00000000       0x2d /usr/lib/gcc/arm-none-eabi/4.8/../../../arm-none-eabi/lib/armv7-m/libc.a(lib_a-__atexit.o)
 .debug_frame   0x00000000       0x30 /usr/lib/gcc/arm-none-eabi/4.8/../../../arm-none-eabi/lib/armv7-m/libc.a(lib_a-__atexit.o)
 .text          0x00000000        0x0 /usr/lib/gcc/arm-none-eabi/4.8/../../../arm-none-eabi/lib/armv7-m/libc.a(lib_a-__call_atexit.o)
 .data          0x00000000        0x0 /usr/lib/gcc/arm-none-eabi/4.8/../../../arm-none-eabi/lib/armv7-m/libc.a(lib_a-__call_atexit.o)
 .bss           0x00000000        0x0 /usr/lib/gcc/arm-none-eabi/4.8/../../../arm-none-eabi/lib/armv7-m/libc.a(lib_a-__call_atexit.o)
 .text.startup.register_fini
                0x00000000       0x14 /usr/lib/gcc/arm-none-eabi/4.8/../../../arm-none-eabi/lib/armv7-m/libc.a(lib_a-__call_atexit.o)
 .init_array.00000
                0x00000000        0x4 /usr/lib/gcc/arm-none-eabi/4.8/../../../arm-none-eabi/lib/armv7-m/libc.a(lib_a-__call_atexit.o)
 .text.__call_exitprocs
                0x00000000       0xf0 /usr/lib/gcc/arm-none-eabi/4.8/../../../arm-none-eabi/lib/armv7-m/libc.a(lib_a-__call_atexit.o)
 .debug_info    0x00000000      0x9aa /usr/lib/gcc/arm-none-eabi/4.8/../../../arm-none-eabi/lib/armv7-m/libc.a(lib_a-__call_atexit.o)
 .debug_abbrev  0x00000000      0x285 /usr/lib/gcc/arm-none-eabi/4.8/../../../arm-none-eabi/lib/armv7-m/libc.a(lib_a-__call_atexit.o)
 .debug_loc     0x00000000      0x16e /usr/lib/gcc/arm-none-eabi/4.8/../../../arm-none-eabi/lib/armv7-m/libc.a(lib_a-__call_atexit.o)
 .debug_aranges
                0x00000000       0x28 /usr/lib/gcc/arm-none-eabi/4.8/../../../arm-none-eabi/lib/armv7-m/libc.a(lib_a-__call_atexit.o)
 .debug_ranges  0x00000000       0x38 /usr/lib/gcc/arm-none-eabi/4.8/../../../arm-none-eabi/lib/armv7-m/libc.a(lib_a-__call_atexit.o)
 .debug_line    0x00000000      0x1cf /usr/lib/gcc/arm-none-eabi/4.8/../../../arm-none-eabi/lib/armv7-m/libc.a(lib_a-__call_atexit.o)
 .debug_str     0x00000000      0x5ef /usr/lib/gcc/arm-none-eabi/4.8/../../../arm-none-eabi/lib/armv7-m/libc.a(lib_a-__call_atexit.o)
 .comment       0x00000000       0x2c /usr/lib/gcc/arm-none-eabi/4.8/../../../arm-none-eabi/lib/armv7-m/libc.a(lib_a-__call_atexit.o)
 .ARM.attributes
                0x00000000       0x2d /usr/lib/gcc/arm-none-eabi/4.8/../../../arm-none-eabi/lib/armv7-m/libc.a(lib_a-__call_atexit.o)
 .debug_frame   0x00000000       0x48 /usr/lib/gcc/arm-none-eabi/4.8/../../../arm-none-eabi/lib/armv7-m/libc.a(lib_a-__call_atexit.o)
 .text          0x00000000        0x0 /usr/lib/gcc/arm-none-eabi/4.8/armv7-m/crtend.o
 .data          0x00000000        0x0 /usr/lib/gcc/arm-none-eabi/4.8/armv7-m/crtend.o
 .bss           0x00000000        0x0 /usr/lib/gcc/arm-none-eabi/4.8/armv7-m/crtend.o
 .eh_frame      0x00000000        0x4 /usr/lib/gcc/arm-none-eabi/4.8/armv7-m/crtend.o
 .jcr           0x00000000        0x4 /usr/lib/gcc/arm-none-eabi/4.8/armv7-m/crtend.o
 .tm_clone_table
                0x00000000        0x0 /usr/lib/gcc/arm-none-eabi/4.8/armv7-m/crtend.o
 .comment       0x00000000       0x2e /usr/lib/gcc/arm-none-eabi/4.8/armv7-m/crtend.o
 .ARM.attributes
                0x00000000       0x2d /usr/lib/gcc/arm-none-eabi/4.8/armv7-m/crtend.o
 .text          0x00000000        0x0 /usr/lib/gcc/arm-none-eabi/4.8/armv7-m/crtn.o
 .data          0x00000000        0x0 /usr/lib/gcc/arm-none-eabi/4.8/armv7-m/crtn.o
 .bss           0x00000000        0x0 /usr/lib/gcc/arm-none-eabi/4.8/armv7-m/crtn.o
 .init          0x00000000        0x8 /usr/lib/gcc/arm-none-eabi/4.8/armv7-m/crtn.o
 .fini          0x00000000        0x8 /usr/lib/gcc/arm-none-eabi/4.8/armv7-m/crtn.o
 .ARM.attributes
                0x00000000       0x1d /usr/lib/gcc/arm-none-eabi/4.8/armv7-m/crtn.o

Memory Configuration

Name             Origin             Length             Attributes
IROM             0x00002000         0x00080000         xr
IRAM0            0x10000000         0x00008000         xrw
IRAM1            0x2007c000         0x00004000         xrw
IRAM2            0x20080000         0x00004000         xrw
*default*        0x00000000         0xffffffff

Linker script and memory map

LOAD /usr/lib/gcc/arm-none-eabi/4.8/armv7-m/crti.o
LOAD /usr/lib/gcc/arm-none-eabi/4.8/armv7-m/crtbegin.o
LOAD /usr/lib/gcc/arm-none-eabi/4.8/../../../arm-none-eabi/lib/armv7-m/crt0.o
LOAD ./main.o
LOAD ./FreeRTOS/queue.o
LOAD ./FreeRTOS/croutine.o
LOAD ./FreeRTOS/list.o
LOAD ./FreeRTOS/event_groups.o
LOAD ./FreeRTOS/tasks.o
LOAD ./FreeRTOS/timers.o
LOAD ./FreeRTOS/portable/GCC/ARM_CM3/port.o
LOAD ./FreeRTOS/portable/MemMang/heap_2.o
LOAD ./Minimal/startup_LPC17xx.o
LOAD ./Minimal/gpio.o
LOAD ./Minimal/core_cm3.o
LOAD ./Minimal/delay.o
LOAD ./Minimal/system_LPC17xx.o
LOAD /usr/lib/gcc/arm-none-eabi/4.8/../../../arm-none-eabi/lib/armv7-m/libm.a
START GROUP
LOAD /usr/lib/gcc/arm-none-eabi/4.8/armv7-m/libgcc.a
LOAD /usr/lib/gcc/arm-none-eabi/4.8/../../../arm-none-eabi/lib/armv7-m/libc.a
END GROUP
LOAD /usr/lib/gcc/arm-none-eabi/4.8/armv7-m/crtend.o
LOAD /usr/lib/gcc/arm-none-eabi/4.8/armv7-m/crtn.o

.text           0x00002000     0x1b0a
 *(.isr_vector .isr_vector.*)
 .isr_vector    0x00002000       0xc4 ./Minimal/startup_LPC17xx.o
                0x00002000                g_pfnVectors
 *(.text .text.*)
 .text.prvTask1
                0x000020c4       0x34 ./main.o
 .text.prvTask2
                0x000020f8       0x18 ./main.o
 .text.vApplicationStackOverflowHook
                0x00002110        0x2 ./main.o
                0x00002110                vApplicationStackOverflowHook
 *fill*         0x00002112        0x2 
 .text.startup.main
                0x00002114       0x40 ./main.o
                0x00002114                main
 .text.unlikely.prvCopyDataToQueue
                0x00002154       0x6e ./FreeRTOS/queue.o
 .text.unlikely.prvCopyDataFromQueue
                0x000021c2       0x26 ./FreeRTOS/queue.o
 .text.prvUnlockQueue
                0x000021e8       0x68 ./FreeRTOS/queue.o
 .text.xQueueGenericReset
                0x00002250       0x80 ./FreeRTOS/queue.o
                0x00002250                xQueueGenericReset
 .text.xQueueGenericCreate
                0x000022d0       0x48 ./FreeRTOS/queue.o
                0x000022d0                xQueueGenericCreate
 .text.xQueueGenericSend
                0x00002318      0x168 ./FreeRTOS/queue.o
                0x00002318                xQueueGenericSend
 .text.xQueueGenericSendFromISR
                0x00002480       0xc2 ./FreeRTOS/queue.o
                0x00002480                xQueueGenericSendFromISR
 *fill*         0x00002542        0x2 
 .text.xQueueGenericReceive
                0x00002544      0x17c ./FreeRTOS/queue.o
                0x00002544                xQueueGenericReceive
 .text.vQueueAddToRegistry
                0x000026c0       0x24 ./FreeRTOS/queue.o
                0x000026c0                vQueueAddToRegistry
 .text.vQueueWaitForMessageRestricted
                0x000026e4       0x4a ./FreeRTOS/queue.o
                0x000026e4                vQueueWaitForMessageRestricted
 .text.vListInitialise
                0x0000272e       0x16 ./FreeRTOS/list.o
                0x0000272e                vListInitialise
 .text.vListInitialiseItem
                0x00002744        0x6 ./FreeRTOS/list.o
                0x00002744                vListInitialiseItem
 .text.vListInsertEnd
                0x0000274a       0x18 ./FreeRTOS/list.o
                0x0000274a                vListInsertEnd
 .text.vListInsert
                0x00002762       0x30 ./FreeRTOS/list.o
                0x00002762                vListInsert
 .text.uxListRemove
                0x00002792       0x20 ./FreeRTOS/list.o
                0x00002792                uxListRemove
 *fill*         0x000027b2        0x2 
 .text.prvResetNextTaskUnblockTime
                0x000027b4       0x24 ./FreeRTOS/tasks.o
 .text.prvAddCurrentTaskToDelayedList
                0x000027d8       0x90 ./FreeRTOS/tasks.o
 .text.xTaskCreate
                0x00002868      0x1a8 ./FreeRTOS/tasks.o
                0x00002868                xTaskCreate
 .text.vTaskStartScheduler
                0x00002a10       0x80 ./FreeRTOS/tasks.o
                0x00002a10                vTaskStartScheduler
 .text.vTaskSuspendAll
                0x00002a90       0x10 ./FreeRTOS/tasks.o
                0x00002a90                vTaskSuspendAll
 .text.xTaskGetTickCount
                0x00002aa0        0xc ./FreeRTOS/tasks.o
                0x00002aa0                xTaskGetTickCount
 .text.xTaskIncrementTick
                0x00002aac      0x114 ./FreeRTOS/tasks.o
                0x00002aac                xTaskIncrementTick
 .text.xTaskResumeAll
                0x00002bc0       0xe4 ./FreeRTOS/tasks.o
                0x00002bc0                xTaskResumeAll
 .text.vTaskDelay
                0x00002ca4       0x50 ./FreeRTOS/tasks.o
                0x00002ca4                vTaskDelay
 .text.prvIdleTask
                0x00002cf4       0x74 ./FreeRTOS/tasks.o
 .text.vTaskSwitchContext
                0x00002d68       0x9c ./FreeRTOS/tasks.o
                0x00002d68                vTaskSwitchContext
 .text.vTaskPlaceOnEventList
                0x00002e04       0x34 ./FreeRTOS/tasks.o
                0x00002e04                vTaskPlaceOnEventList
 .text.vTaskPlaceOnEventListRestricted
                0x00002e38       0x3c ./FreeRTOS/tasks.o
                0x00002e38                vTaskPlaceOnEventListRestricted
 .text.xTaskRemoveFromEventList
                0x00002e74       0x80 ./FreeRTOS/tasks.o
                0x00002e74                xTaskRemoveFromEventList
 .text.vTaskSetTimeOutState
                0x00002ef4       0x2c ./FreeRTOS/tasks.o
                0x00002ef4                vTaskSetTimeOutState
 .text.xTaskCheckForTimeOut
                0x00002f20       0x74 ./FreeRTOS/tasks.o
                0x00002f20                xTaskCheckForTimeOut
 .text.vTaskMissedYield
                0x00002f94        0xc ./FreeRTOS/tasks.o
                0x00002f94                vTaskMissedYield
 .text.xTaskGetSchedulerState
                0x00002fa0       0x20 ./FreeRTOS/tasks.o
                0x00002fa0                xTaskGetSchedulerState
 .text.vTaskPriorityInherit
                0x00002fc0       0x94 ./FreeRTOS/tasks.o
                0x00002fc0                vTaskPriorityInherit
 .text.xTaskPriorityDisinherit
                0x00003054       0xa4 ./FreeRTOS/tasks.o
                0x00003054                xTaskPriorityDisinherit
 .text.pvTaskIncrementMutexHeldCount
                0x000030f8       0x18 ./FreeRTOS/tasks.o
                0x000030f8                pvTaskIncrementMutexHeldCount
 .text.prvCheckForValidListAndQueue
                0x00003110       0x58 ./FreeRTOS/timers.o
 .text.prvInsertTimerInActiveList
                0x00003168       0x3c ./FreeRTOS/timers.o
 .text.xTimerCreateTimerTask
                0x000031a4       0x4c ./FreeRTOS/timers.o
                0x000031a4                xTimerCreateTimerTask
 .text.xTimerGenericCommand
                0x000031f0       0x58 ./FreeRTOS/timers.o
                0x000031f0                xTimerGenericCommand
 .text.prvSwitchTimerLists
                0x00003248       0x74 ./FreeRTOS/timers.o
 .text.prvTimerTask
                0x000032bc      0x1b8 ./FreeRTOS/timers.o
 .text.prvTaskExitError
                0x00003474       0x30 ./FreeRTOS/portable/GCC/ARM_CM3/port.o
 .text.prvPortStartFirstTask
                0x000034a4       0x20 ./FreeRTOS/portable/GCC/ARM_CM3/port.o
 .text.pxPortInitialiseStack
                0x000034c4       0x24 ./FreeRTOS/portable/GCC/ARM_CM3/port.o
                0x000034c4                pxPortInitialiseStack
 *fill*         0x000034e8        0x8 
 .text.vPortSVCHandler
                0x000034f0       0x30 ./FreeRTOS/portable/GCC/ARM_CM3/port.o
                0x000034f0                vPortSVCHandler
 .text.vPortEnterCritical
                0x00003520       0x44 ./FreeRTOS/portable/GCC/ARM_CM3/port.o
                0x00003520                vPortEnterCritical
 .text.vPortExitCritical
                0x00003564       0x28 ./FreeRTOS/portable/GCC/ARM_CM3/port.o
                0x00003564                vPortExitCritical
 *fill*         0x0000358c        0x4 
 .text.xPortPendSVHandler
                0x00003590       0x50 ./FreeRTOS/portable/GCC/ARM_CM3/port.o
                0x00003590                xPortPendSVHandler
 .text.xPortSysTickHandler
                0x000035e0       0x2c ./FreeRTOS/portable/GCC/ARM_CM3/port.o
                0x000035e0                xPortSysTickHandler
 .text.vPortSetupTimerInterrupt
                0x0000360c       0x18 ./FreeRTOS/portable/GCC/ARM_CM3/port.o
                0x0000360c                vPortSetupTimerInterrupt
 .text.xPortStartScheduler
                0x00003624       0x8c ./FreeRTOS/portable/GCC/ARM_CM3/port.o
                0x00003624                xPortStartScheduler
 .text.vPortValidateInterruptPriority
                0x000036b0       0x5c ./FreeRTOS/portable/GCC/ARM_CM3/port.o
                0x000036b0                vPortValidateInterruptPriority
 .text.pvPortMalloc
                0x0000370c       0xb8 ./FreeRTOS/portable/MemMang/heap_2.o
                0x0000370c                pvPortMalloc
 .text.vPortFree
                0x000037c4       0x40 ./FreeRTOS/portable/MemMang/heap_2.o
                0x000037c4                vPortFree
 .text.Default_Handler
                0x00003804        0x2 ./Minimal/startup_LPC17xx.o
                0x00003804                TIMER2_IRQHandler
                0x00003804                DebugMon_Handler
                0x00003804                RIT_IRQHandler
                0x00003804                I2C0_IRQHandler
                0x00003804                SysTick_Handler
                0x00003804                PWM1_IRQHandler
                0x00003804                PendSV_Handler
                0x00003804                I2C1_IRQHandler
                0x00003804                EINT2_IRQHandler
                0x00003804                UART1_IRQHandler
                0x00003804                EINT3_IRQHandler
                0x00003804                TIMER3_IRQHandler
                0x00003804                UART0_IRQHandler
                0x00003804                UsageFault_Handler
                0x00003804                PLL0_IRQHandler
                0x00003804                CAN_IRQHandler
                0x00003804                PLL1_IRQHandler
                0x00003804                SSP0_IRQHandler
                0x00003804                I2S_IRQHandler
                0x00003804                I2C2_IRQHandler
                0x00003804                RTC_IRQHandler
                0x00003804                TIMER0_IRQHandler
                0x00003804                SPI_IRQHandler
                0x00003804                EINT1_IRQHandler
                0x00003804                TIMER1_IRQHandler
                0x00003804                UART2_IRQHandler
                0x00003804                Default_Handler
                0x00003804                ADC_IRQHandler
                0x00003804                SSP1_IRQHandler
                0x00003804                USB_IRQHandler
                0x00003804                BOD_IRQHandler
                0x00003804                MemManage_Handler
                0x00003804                WDT_IRQHandler
                0x00003804                SVC_Handler
                0x00003804                QEI_IRQHandler
                0x00003804                EINT0_IRQHandler
                0x00003804                DMA_IRQHandler
                0x00003804                BusFault_Handler
                0x00003804                UART3_IRQHandler
                0x00003804                MCPWM_IRQHandler
                0x00003804                ENET_IRQHandler
 *fill*         0x00003806        0x2 
 .text.Reset_Handler
                0x00003808       0x8c ./Minimal/startup_LPC17xx.o
                0x00003808                Reset_Handler
 .text.SystemInit
                0x00003894       0xd8 ./Minimal/system_LPC17xx.o
                0x00003894                SystemInit
 .text          0x0000396c       0xec /usr/lib/gcc/arm-none-eabi/4.8/../../../arm-none-eabi/lib/armv7-m/libc.a(lib_a-memcpy.o)
                0x0000396c                memcpy
 .text.memset   0x00003a58       0x94 /usr/lib/gcc/arm-none-eabi/4.8/../../../arm-none-eabi/lib/armv7-m/libc.a(lib_a-memset.o)
                0x00003a58                memset
 *(.gnu.linkonce.t.*)
 *(.glue_7)
 .glue_7        0x00003aec        0x0 linker stubs
 *(.glue_7t)
 .glue_7t       0x00003aec        0x0 linker stubs
 *(.gcc_except_table)
 *(.rodata .rodata*)
 .rodata.str1.1
                0x00003aec        0xc ./main.o
 .rodata.str1.1
                0x00003af8        0x5 ./FreeRTOS/tasks.o
 .rodata.str1.1
                0x00003afd        0xd ./FreeRTOS/timers.o
 *(.gnu.linkonce.r.*)

.vfp11_veneer   0x00003b0c        0x0
 .vfp11_veneer  0x00003b0c        0x0 linker stubs

.v4_bx          0x00003b0c        0x0
 .v4_bx         0x00003b0c        0x0 linker stubs

.iplt           0x00003b0c        0x0
 .iplt          0x00003b0c        0x0 /usr/lib/gcc/arm-none-eabi/4.8/armv7-m/crtbegin.o

.rel.dyn        0x00003b0c        0x0
 .rel.iplt      0x00003b0c        0x0 /usr/lib/gcc/arm-none-eabi/4.8/armv7-m/crtbegin.o

.ctors          0x00003b0a        0x2
                0x00003b0c                . = ALIGN (0x4)
 *fill*         0x00003b0a        0x2 
                0x00003b0c                PROVIDE (__ctors_start, .)
 *(SORT(.ctors.*))
 *(.ctors)
                0x00003b0c                PROVIDE (__ctors_end, .)

.dtors          0x00003b0c        0x0
                0x00003b0c                . = ALIGN (0x4)
                0x00003b0c                PROVIDE (__dtors_start, .)
 *(SORT(.dtors.*))
 *(.dtors)
                0x00003b0c                PROVIDE (__dtors_end, .)
                0x00003b0c                . = ALIGN (0x4)
                0x00003b0c                _etext = .
                0x00003b0c                _sifastcode = .

.fastcode       0x10000000        0x0 load address 0x00003b0c
                0x10000000                . = ALIGN (0x4)
                0x10000000                _sfastcode = .
 *(.glue_7t)
 *(.glue_7)
 *(.fastcode)
                0x10000000                . = ALIGN (0x4)
                0x10000000                _efastcode = .
                0x10000000                _sidata = .

.usb_ram
 *.o(USB_RAM)

.data           0x10000000        0x8 load address 0x00003b0c
                0x00003b0c                _sidata = LOADADDR (.data)
                0x10000000                . = ALIGN (0x4)
                0x10000000                _sdata = .
 *(vtable vtable.*)
 *(.data .data.*)
 .data.uxCriticalNesting
                0x10000000        0x4 ./FreeRTOS/portable/GCC/ARM_CM3/port.o
 .data.xFreeBytesRemaining
                0x10000004        0x4 ./FreeRTOS/portable/MemMang/heap_2.o
 *(.gnu.linkonce.d*)
                0x10000008                . = ALIGN (0x4)
                0x10000008                _edata = .

.igot.plt       0x10000008        0x0 load address 0x00003b14
 .igot.plt      0x10000008        0x0 /usr/lib/gcc/arm-none-eabi/4.8/armv7-m/crtbegin.o

.bss            0x10000008     0x4d9c load address 0x00003b14
                0x10000008                . = ALIGN (0x4)
                0x10000008                _sbss = .
 *(.bss .bss.*)
 .bss.xNumOfOverflows
                0x10000008        0x4 ./FreeRTOS/tasks.o
 .bss.pxDelayedTaskList
                0x1000000c        0x4 ./FreeRTOS/tasks.o
 .bss.xSchedulerRunning
                0x10000010        0x4 ./FreeRTOS/tasks.o
 .bss.uxSchedulerSuspended
                0x10000014        0x4 ./FreeRTOS/tasks.o
 .bss.xDelayedTaskList1
                0x10000018       0x14 ./FreeRTOS/tasks.o
 .bss.pxOverflowDelayedTaskList
                0x1000002c        0x4 ./FreeRTOS/tasks.o
 .bss.uxPendedTicks
                0x10000030        0x4 ./FreeRTOS/tasks.o
 .bss.pxReadyTasksLists
                0x10000034       0x64 ./FreeRTOS/tasks.o
 .bss.xTasksWaitingTermination
                0x10000098       0x14 ./FreeRTOS/tasks.o
 .bss.uxDeletedTasksWaitingCleanUp
                0x100000ac        0x4 ./FreeRTOS/tasks.o
 .bss.pxCurrentTCB
                0x100000b0        0x4 ./FreeRTOS/tasks.o
                0x100000b0                pxCurrentTCB
 .bss.xPendingReadyList
                0x100000b4       0x14 ./FreeRTOS/tasks.o
 .bss.xTickCount
                0x100000c8        0x4 ./FreeRTOS/tasks.o
 .bss.xNextTaskUnblockTime
                0x100000cc        0x4 ./FreeRTOS/tasks.o
 .bss.uxTaskNumber
                0x100000d0        0x4 ./FreeRTOS/tasks.o
 .bss.uxCurrentNumberOfTasks
                0x100000d4        0x4 ./FreeRTOS/tasks.o
 .bss.xDelayedTaskList2
                0x100000d8       0x14 ./FreeRTOS/tasks.o
 .bss.xIdleTaskHandle
                0x100000ec        0x4 ./FreeRTOS/tasks.o
 .bss.xSuspendedTaskList
                0x100000f0       0x14 ./FreeRTOS/tasks.o
 .bss.uxTopReadyPriority
                0x10000104        0x4 ./FreeRTOS/tasks.o
 .bss.xYieldPending
                0x10000108        0x4 ./FreeRTOS/tasks.o
 .bss.pxCurrentTimerList
                0x1000010c        0x4 ./FreeRTOS/timers.o
 .bss.xActiveTimerList1
                0x10000110       0x14 ./FreeRTOS/timers.o
 .bss.xActiveTimerList2
                0x10000124       0x14 ./FreeRTOS/timers.o
 .bss.xLastTime.5293
                0x10000138        0x4 ./FreeRTOS/timers.o
 .bss.xTimerQueue
                0x1000013c        0x4 ./FreeRTOS/timers.o
 .bss.pxOverflowTimerList
                0x10000140        0x4 ./FreeRTOS/timers.o
 .bss.xTimerTaskHandle
                0x10000144        0x4 ./FreeRTOS/timers.o
 .bss.ucMaxSysCallPriority
                0x10000148        0x1 ./FreeRTOS/portable/GCC/ARM_CM3/port.o
 *fill*         0x10000149        0x3 
 .bss.ulMaxPRIGROUPValue
                0x1000014c        0x4 ./FreeRTOS/portable/GCC/ARM_CM3/port.o
 .bss.xEnd      0x10000150        0x8 ./FreeRTOS/portable/MemMang/heap_2.o
 .bss.xStart    0x10000158        0x8 ./FreeRTOS/portable/MemMang/heap_2.o
 .bss.ucHeap    0x10000160     0x4c00 ./FreeRTOS/portable/MemMang/heap_2.o
 .bss.xHeapHasBeenInitialised.5013
                0x10004d60        0x4 ./FreeRTOS/portable/MemMang/heap_2.o
 *(.gnu.linkonce.b*)
 *(COMMON)
 COMMON         0x10004d64       0x40 ./FreeRTOS/queue.o
                0x10004d64                xQueueRegistry
                0x10004da4                . = ALIGN (0x4)
                0x10004da4                _ebss = .

.stackarea      0x10004da4      0x804 load address 0x00003b14
                0x10004da8                . = ALIGN (0x8)
 *fill*         0x10004da4        0x4 
                0x10004da8                _sstack = .
 *(.stackarea .stackarea.*)
 .stackarea     0x10004da8      0x800 ./Minimal/startup_LPC17xx.o
                0x10004da8                pulStack
                0x100055a8                . = ALIGN (0x8)
                0x100055a8                _estack = .
                0x100055a8                . = ALIGN (0x4)
                0x100055a8                _end = .
                0x100055a8                PROVIDE (end, .)

.stab
 *(.stab)

.stabstr
 *(.stabstr)

.stab.excl
 *(.stab.excl)

.stab.exclstr
 *(.stab.exclstr)

.stab.index
 *(.stab.index)

.stab.indexstr
 *(.stab.indexstr)

.debug
 *(.debug)

.line
 *(.line)

.debug_srcinfo
 *(.debug_srcinfo)

.debug_sfnames
 *(.debug_sfnames)

.debug_aranges  0x00000000       0x40
 *(.debug_aranges)
 .debug_aranges
                0x00000000       0x20 /usr/lib/gcc/arm-none-eabi/4.8/../../../arm-none-eabi/lib/armv7-m/libc.a(lib_a-memcpy.o)
 .debug_aranges
                0x00000020       0x20 /usr/lib/gcc/arm-none-eabi/4.8/../../../arm-none-eabi/lib/armv7-m/libc.a(lib_a-memset.o)

.debug_pubnames
 *(.debug_pubnames)

.debug_info     0x00000000      0x1ed
 *(.debug_info .gnu.linkonce.wi.*)
 .debug_info    0x00000000       0xd6 /usr/lib/gcc/arm-none-eabi/4.8/../../../arm-none-eabi/lib/armv7-m/libc.a(lib_a-memcpy.o)
 .debug_info    0x000000d6      0x117 /usr/lib/gcc/arm-none-eabi/4.8/../../../arm-none-eabi/lib/armv7-m/libc.a(lib_a-memset.o)

.debug_abbrev   0x00000000       0xb3
 *(.debug_abbrev)
 .debug_abbrev  0x00000000       0x14 /usr/lib/gcc/arm-none-eabi/4.8/../../../arm-none-eabi/lib/armv7-m/libc.a(lib_a-memcpy.o)
 .debug_abbrev  0x00000014       0x9f /usr/lib/gcc/arm-none-eabi/4.8/../../../arm-none-eabi/lib/armv7-m/libc.a(lib_a-memset.o)

.debug_line     0x00000000      0x1e2
 *(.debug_line)
 .debug_line    0x00000000       0xbb /usr/lib/gcc/arm-none-eabi/4.8/../../../arm-none-eabi/lib/armv7-m/libc.a(lib_a-memcpy.o)
 .debug_line    0x000000bb      0x127 /usr/lib/gcc/arm-none-eabi/4.8/../../../arm-none-eabi/lib/armv7-m/libc.a(lib_a-memset.o)

.debug_frame    0x00000000       0x2c
 *(.debug_frame)
 .debug_frame   0x00000000       0x2c /usr/lib/gcc/arm-none-eabi/4.8/../../../arm-none-eabi/lib/armv7-m/libc.a(lib_a-memset.o)

.debug_str      0x00000000      0x199
 *(.debug_str)
 .debug_str     0x00000000      0x199 /usr/lib/gcc/arm-none-eabi/4.8/../../../arm-none-eabi/lib/armv7-m/libc.a(lib_a-memset.o)
                                0x1d2 (size before relaxing)

.debug_loc      0x00000000      0x18b
 *(.debug_loc)
 .debug_loc     0x00000000      0x18b /usr/lib/gcc/arm-none-eabi/4.8/../../../arm-none-eabi/lib/armv7-m/libc.a(lib_a-memset.o)

.comment        0x00000000       0x58
 .comment       0x00000000       0x2d ./main.o
                                 0x2e (size before relaxing)
 .comment       0x0000002d       0x2e ./FreeRTOS/queue.o
 .comment       0x0000002d       0x2e ./FreeRTOS/list.o
 .comment       0x0000002d       0x2e ./FreeRTOS/tasks.o
 .comment       0x0000002d       0x2e ./FreeRTOS/timers.o
 .comment       0x0000002d       0x2e ./FreeRTOS/portable/GCC/ARM_CM3/port.o
 .comment       0x0000002d       0x2e ./FreeRTOS/portable/MemMang/heap_2.o
 .comment       0x0000002d       0x2e ./Minimal/startup_LPC17xx.o
 .comment       0x0000002d       0x2e ./Minimal/system_LPC17xx.o
 .comment       0x0000002d       0x2b /usr/lib/gcc/arm-none-eabi/4.8/../../../arm-none-eabi/lib/armv7-m/libc.a(lib_a-memset.o)
                                 0x2c (size before relaxing)

.ARM.attributes
                0x00000000       0x29
 .ARM.attributes
                0x00000000       0x33 ./main.o
 .ARM.attributes
                0x00000033       0x33 ./FreeRTOS/queue.o
 .ARM.attributes
                0x00000066       0x33 ./FreeRTOS/list.o
 .ARM.attributes
                0x00000099       0x33 ./FreeRTOS/tasks.o
 .ARM.attributes
                0x000000cc       0x33 ./FreeRTOS/timers.o
 .ARM.attributes
                0x000000ff       0x33 ./FreeRTOS/portable/GCC/ARM_CM3/port.o
 .ARM.attributes
                0x00000132       0x33 ./FreeRTOS/portable/MemMang/heap_2.o
 .ARM.attributes
                0x00000165       0x33 ./Minimal/startup_LPC17xx.o
 .ARM.attributes
                0x00000198       0x33 ./Minimal/system_LPC17xx.o
 .ARM.attributes
                0x000001cb       0x1b /usr/lib/gcc/arm-none-eabi/4.8/../../../arm-none-eabi/lib/armv7-m/libc.a(lib_a-memcpy.o)
 .ARM.attributes
                0x000001e6       0x2d /usr/lib/gcc/arm-none-eabi/4.8/../../../arm-none-eabi/lib/armv7-m/libc.a(lib_a-memset.o)

.debug_macinfo
 *(.debug_macinfo)

.debug_weaknames
 *(.debug_weaknames)

.debug_funcnames
 *(.debug_funcnames)

.debug_typenames
 *(.debug_typenames)

.debug_varnames
 *(.debug_varnames)
OUTPUT(main.elf elf32-littlearm)

.debug_ranges   0x00000000       0x10
 .debug_ranges  0x00000000       0x10 /usr/lib/gcc/arm-none-eabi/4.8/../../../arm-none-eabi/lib/armv7-m/libc.a(lib_a-memset.o)
